// Vitest Snapshot v1, https://vitest.dev/guide/snapshot.html

exports[`Camera > render correctly 1`] = `
<camera
  id="my-camera"
/>
`;
