// Vitest Snapshot v1, https://vitest.dev/guide/snapshot.html

exports[`ErrorView > render correctly 1`] = `
<error-view
  type="default"
>
  text
</error-view>
`;
