// Rstest Snapshot v1

exports[`Label > render correctly 1`] = `<label />`;
