// Vitest Snapshot v1, https://vitest.dev/guide/snapshot.html

exports[`Lifestyle > render correctly 1`] = `
<lifestyle
  publicId=""
/>
`;
