// Vitest Snapshot v1, https://vitest.dev/guide/snapshot.html

exports[`Progress > render correctly 1`] = `<progress />`;

exports[`Progress render correctly 1`] = `<progress />`;
