// Rstest Snapshot v1

exports[`Radio > render correctly 1`] = `<radio />`;
