// Rstest Snapshot v1

exports[`Camera > render correctly 1`] = `<camera />`;
