// Vitest Snapshot v1, https://vitest.dev/guide/snapshot.html

exports[`Canvas > render correctly 1`] = `
<canvas
  canvasId="id"
/>
`;

exports[`Canvas render correctly 1`] = `
<canvas
  canvasId="id"
/>
`;
