// Rstest Snapshot v1

exports[`Navigator > render correctly 1`] = `
<navigator
  hoverClassName="navigator-hover"
  hoverStartTime={50}
  hoverStayTime={400}
  hoverStopPropagation={false}
  openType="navigate"
  url="url"
/>
`;
