// Rstest Snapshot v1

exports[`Picker > render correctly 1`] = `
<picker
  disabled={false}
  mode="selector"
/>
`;
