// Rstest Snapshot v1

exports[`PickerView > render correctly 1`] = `<picker-view />`;
