// Rstest Snapshot v1

exports[`Switch > render correctly 1`] = `
<switch
  checked={false}
  color="#F85959"
  disabled={false}
  type="switch"
/>
`;
