// Vitest Snapshot v1, https://vitest.dev/guide/snapshot.html

exports[`CheckboxGroup > render correctly 1`] = `<checkbox-group />`;
