// Vitest Snapshot v1, https://vitest.dev/guide/snapshot.html

exports[`Ad > render correctly 1`] = `
<ad
  adTheme="white"
  adType="banner"
  unitId="id"
/>
`;
