// Vitest Snapshot v1, https://vitest.dev/guide/snapshot.html

exports[`Camera > render correctly 1`] = `
<camera
  devicePosition="back"
  flash="auto"
  frameSize="medium"
  mode="normal"
  resolution="medium"
/>
`;
