// Vitest Snapshot v1, https://vitest.dev/guide/snapshot.html

exports[`Checkbox > render correctly 1`] = `
<checkbox
  checked={false}
  color="#09bb07"
  disabled={false}
/>
`;
