// Rstest Snapshot v1

exports[`CoverImage > render correctly 1`] = `<cover-image />`;
