// Vitest Snapshot v1, https://vitest.dev/guide/snapshot.html

exports[`CoverView > render correctly 1`] = `<cover-view />`;

exports[`CoverView render correctly 1`] = `<cover-view />`;
