// Vitest Snapshot v1, https://vitest.dev/guide/snapshot.html

exports[`EditorPortal > render correctly 1`] = `<editor-portal />`;
