// Vitest Snapshot v1, https://vitest.dev/guide/snapshot.html

exports[`FunctionalPageNavigator > render correctly 1`] = `
<functional-page-navigator
  version="release"
/>
`;

exports[`FunctionalPageNavigator render correctly 1`] = `
<functional-page-navigator
  version="release"
/>
`;
