// Vitest Snapshot v1, https://vitest.dev/guide/snapshot.html

exports[`MatchMedia > render correctly 1`] = `<match-media />`;

exports[`MatchMedia render correctly 1`] = `<match-media />`;
