// Vitest Snapshot v1, https://vitest.dev/guide/snapshot.html

exports[`RadioGroup > render correctly 1`] = `<radio-group />`;

exports[`RadioGroup render correctly 1`] = `<radio-group />`;
