// Rstest Snapshot v1

exports[`WebView > render correctly 1`] = `<web-view />`;
