// Rstest Snapshot v1

exports[`Form > render correctly 1`] = `
<form
  onReset={[Function]}
  onSubmit={[Function]}
/>
`;

exports[`Form render correctly 1`] = `
<form
  onReset={[Function]}
  onSubmit={[Function]}
/>
`;
