// Rstest Snapshot v1

exports[`Image > render correctly in ali 1`] = `
<image
  className="class"
  onError={[Function]}
  onLoad={[Function]}
/>
`;

exports[`Image > render correctly in toutiao 1`] = `
<image
  className="class"
  onError={[Function]}
  onLoad={[Function]}
/>
`;

exports[`Image > render correctly in wechat 1`] = `
<image
  className="class"
  onError={[Function]}
  onLoad={[Function]}
/>
`;

exports[`Image render correctly in ali 1`] = `
<image
  className="class"
  onError={[Function]}
  onLoad={[Function]}
/>
`;

exports[`Image render correctly in toutiao 1`] = `
<image
  className="class"
  onError={[Function]}
  onLoad={[Function]}
/>
`;

exports[`Image render correctly in wechat 1`] = `
<image
  className="class"
  onError={[Function]}
  onLoad={[Function]}
/>
`;
