// Rstest Snapshot v1

exports[`createNativeComponent > create native component 1`] = `
<card
  __ref={[Function]}
/>
`;

exports[`createNativeComponent > functional ref 1`] = `
<card
  __ref={[Function]}
/>
`;

exports[`createNativeComponent > rename ref 1`] = `
<card
  __ref={[Function]}
/>
`;
