// Vitest Snapshot v1, https://vitest.dev/guide/snapshot.html

exports[`Switch > render correctly 1`] = `
<switch
  checked={false}
  color="#F85959"
  disabled={false}
  type="switch"
/>
`;

exports[`Switch render correctly 1`] = `
<switch
  checked={false}
  color="#F85959"
  disabled={false}
  type="switch"
/>
`;
