// Vitest Snapshot v1, https://vitest.dev/guide/snapshot.html

exports[`Video > render correctly 1`] = `
<video
  autoplay={false}
  controls={true}
  loop={false}
  objectFit="contain"
  playBtnPosition="center"
  showFullscreenBtn={true}
  showPlayBtn={true}
  src="video-src"
/>
`;

exports[`Video render correctly 1`] = `
<video
  autoplay={false}
  controls={true}
  loop={false}
  objectFit="contain"
  playBtnPosition="center"
  showFullscreenBtn={true}
  showPlayBtn={true}
  src="video-src"
/>
`;
